mode: atomic
github.com/hasanozgan/kata/discount-checkout/internal/checkout/checkout.go:48.36,56.27 2 1600
github.com/hasanozgan/kata/discount-checkout/internal/checkout/checkout.go:56.27,57.17 1 1400
github.com/hasanozgan/kata/discount-checkout/internal/checkout/checkout.go:57.17,59.4 1 1400
github.com/hasanozgan/kata/discount-checkout/internal/checkout/checkout.go:62.2,62.10 1 1600
github.com/hasanozgan/kata/discount-checkout/internal/checkout/checkout.go:66.45,68.2 1 300
github.com/hasanozgan/kata/discount-checkout/internal/checkout/checkout.go:71.56,73.2 1 1200
github.com/hasanozgan/kata/discount-checkout/internal/checkout/checkout.go:76.65,80.2 3 1000
github.com/hasanozgan/kata/discount-checkout/internal/checkout/checkout.go:83.55,87.2 3 0
github.com/hasanozgan/kata/discount-checkout/internal/checkout/checkout.go:92.92,93.16 1 4900
github.com/hasanozgan/kata/discount-checkout/internal/checkout/checkout.go:93.16,95.3 1 0
github.com/hasanozgan/kata/discount-checkout/internal/checkout/checkout.go:98.2,105.27 7 4900
github.com/hasanozgan/kata/discount-checkout/internal/checkout/checkout.go:105.27,107.3 1 0
github.com/hasanozgan/kata/discount-checkout/internal/checkout/checkout.go:108.2,108.19 1 4900
github.com/hasanozgan/kata/discount-checkout/internal/checkout/checkout.go:108.19,110.3 1 0
github.com/hasanozgan/kata/discount-checkout/internal/checkout/checkout.go:113.2,113.34 1 4900
github.com/hasanozgan/kata/discount-checkout/internal/checkout/checkout.go:113.34,116.3 2 100
github.com/hasanozgan/kata/discount-checkout/internal/checkout/checkout.go:118.2,118.18 1 4800
github.com/hasanozgan/kata/discount-checkout/internal/checkout/checkout.go:118.18,120.3 1 0
github.com/hasanozgan/kata/discount-checkout/internal/checkout/checkout.go:122.2,122.21 1 4800
github.com/hasanozgan/kata/discount-checkout/internal/checkout/checkout.go:122.21,125.3 2 100
github.com/hasanozgan/kata/discount-checkout/internal/checkout/checkout.go:127.2,136.27 4 4700
github.com/hasanozgan/kata/discount-checkout/internal/checkout/checkout.go:136.27,137.43 1 30570
github.com/hasanozgan/kata/discount-checkout/internal/checkout/checkout.go:137.43,139.4 1 4300
github.com/hasanozgan/kata/discount-checkout/internal/checkout/checkout.go:143.2,146.32 3 4700
github.com/hasanozgan/kata/discount-checkout/internal/checkout/checkout.go:146.32,147.31 1 4300
github.com/hasanozgan/kata/discount-checkout/internal/checkout/checkout.go:147.31,149.4 1 4100
github.com/hasanozgan/kata/discount-checkout/internal/checkout/checkout.go:149.9,151.53 2 200
github.com/hasanozgan/kata/discount-checkout/internal/checkout/checkout.go:151.53,153.5 1 100
github.com/hasanozgan/kata/discount-checkout/internal/checkout/checkout.go:153.10,155.5 1 100
github.com/hasanozgan/kata/discount-checkout/internal/checkout/checkout.go:159.2,159.38 1 4700
github.com/hasanozgan/kata/discount-checkout/internal/checkout/checkout.go:159.38,161.3 1 100
github.com/hasanozgan/kata/discount-checkout/internal/checkout/checkout.go:165.2,165.69 1 4700
github.com/hasanozgan/kata/discount-checkout/internal/checkout/checkout.go:165.69,166.43 1 100
github.com/hasanozgan/kata/discount-checkout/internal/checkout/checkout.go:166.43,168.4 1 0
github.com/hasanozgan/kata/discount-checkout/internal/checkout/checkout.go:169.3,169.53 1 100
github.com/hasanozgan/kata/discount-checkout/internal/checkout/checkout.go:173.2,176.30 3 4700
github.com/hasanozgan/kata/discount-checkout/internal/checkout/checkout.go:176.30,185.3 3 4200
github.com/hasanozgan/kata/discount-checkout/internal/checkout/checkout.go:188.2,191.77 2 4700
github.com/hasanozgan/kata/discount-checkout/internal/checkout/checkout.go:191.77,193.3 1 0
github.com/hasanozgan/kata/discount-checkout/internal/checkout/checkout.go:195.2,212.21 4 4700
github.com/hasanozgan/kata/discount-checkout/internal/checkout/checkout.go:217.66,219.16 2 1700
github.com/hasanozgan/kata/discount-checkout/internal/checkout/checkout.go:219.16,220.13 1 0
github.com/hasanozgan/kata/discount-checkout/internal/checkout/checkout.go:222.2,222.16 1 1700
github.com/hasanozgan/kata/discount-checkout/internal/checkout/options.go:18.65,20.19 2 100
github.com/hasanozgan/kata/discount-checkout/internal/checkout/options.go:20.19,22.3 1 0
github.com/hasanozgan/kata/discount-checkout/internal/checkout/options.go:23.2,23.19 1 100
github.com/hasanozgan/kata/discount-checkout/internal/checkout/options.go:23.19,25.3 1 100
github.com/hasanozgan/kata/discount-checkout/internal/checkout/options.go:28.2,28.42 1 0
github.com/hasanozgan/kata/discount-checkout/internal/checkout/options.go:28.42,29.42 1 0
github.com/hasanozgan/kata/discount-checkout/internal/checkout/options.go:29.42,31.4 1 0
github.com/hasanozgan/kata/discount-checkout/internal/checkout/options.go:32.3,32.11 1 0
github.com/hasanozgan/kata/discount-checkout/internal/checkout/options.go:36.2,36.54 1 0
github.com/hasanozgan/kata/discount-checkout/internal/checkout/options.go:36.54,38.3 1 0
github.com/hasanozgan/kata/discount-checkout/internal/checkout/options.go:39.2,39.10 1 0
github.com/hasanozgan/kata/discount-checkout/internal/checkout/options.go:50.50,51.27 1 100
github.com/hasanozgan/kata/discount-checkout/internal/checkout/options.go:51.27,53.3 1 100
github.com/hasanozgan/kata/discount-checkout/internal/checkout/options.go:57.59,58.27 1 1200
github.com/hasanozgan/kata/discount-checkout/internal/checkout/options.go:58.27,60.3 1 1200
github.com/hasanozgan/kata/discount-checkout/internal/checkout/options.go:64.45,65.27 1 100
github.com/hasanozgan/kata/discount-checkout/internal/checkout/options.go:65.27,66.20 1 100
github.com/hasanozgan/kata/discount-checkout/internal/checkout/options.go:66.20,68.4 1 100
github.com/hasanozgan/kata/discount-checkout/internal/checkout/options.go:73.48,74.27 1 0
github.com/hasanozgan/kata/discount-checkout/internal/checkout/options.go:74.27,76.3 1 0
github.com/hasanozgan/kata/discount-checkout/internal/checkout/options.go:80.55,81.27 1 0
github.com/hasanozgan/kata/discount-checkout/internal/checkout/options.go:81.27,82.20 1 0
github.com/hasanozgan/kata/discount-checkout/internal/checkout/options.go:82.20,84.4 1 0
