mode: atomic
github.com/hasanozgan/kata/discount-checkout/internal/spec/contains_sku.go:17.62,18.21 1 100
github.com/hasanozgan/kata/discount-checkout/internal/spec/contains_sku.go:18.21,20.3 1 0
github.com/hasanozgan/kata/discount-checkout/internal/spec/contains_sku.go:21.2,24.3 1 100
github.com/hasanozgan/kata/discount-checkout/internal/spec/contains_sku.go:28.39,30.2 1 0
github.com/hasanozgan/kata/discount-checkout/internal/spec/contains_sku.go:33.62,34.18 1 300
github.com/hasanozgan/kata/discount-checkout/internal/spec/contains_sku.go:34.18,36.3 1 0
github.com/hasanozgan/kata/discount-checkout/internal/spec/contains_sku.go:37.2,37.49 1 300
github.com/hasanozgan/kata/discount-checkout/internal/spec/has_coupon.go:19.42,21.2 1 100
github.com/hasanozgan/kata/discount-checkout/internal/spec/has_coupon.go:24.60,25.18 1 200
github.com/hasanozgan/kata/discount-checkout/internal/spec/has_coupon.go:25.18,27.3 1 0
github.com/hasanozgan/kata/discount-checkout/internal/spec/has_coupon.go:28.2,28.32 1 200
github.com/hasanozgan/kata/discount-checkout/internal/spec/member_only.go:14.33,16.2 1 100
github.com/hasanozgan/kata/discount-checkout/internal/spec/member_only.go:19.61,20.18 1 200
github.com/hasanozgan/kata/discount-checkout/internal/spec/member_only.go:20.18,22.3 1 0
github.com/hasanozgan/kata/discount-checkout/internal/spec/member_only.go:23.2,23.34 1 200
github.com/hasanozgan/kata/discount-checkout/internal/spec/min_spend.go:15.58,17.2 1 100
github.com/hasanozgan/kata/discount-checkout/internal/spec/min_spend.go:20.63,21.18 1 300
github.com/hasanozgan/kata/discount-checkout/internal/spec/min_spend.go:21.18,23.3 1 0
github.com/hasanozgan/kata/discount-checkout/internal/spec/min_spend.go:24.2,24.46 1 300
github.com/hasanozgan/kata/discount-checkout/internal/spec/min_tier.go:14.63,16.2 1 100
github.com/hasanozgan/kata/discount-checkout/internal/spec/min_tier.go:19.62,20.18 1 300
github.com/hasanozgan/kata/discount-checkout/internal/spec/min_tier.go:20.18,22.3 1 0
github.com/hasanozgan/kata/discount-checkout/internal/spec/min_tier.go:23.2,23.52 1 300
github.com/hasanozgan/kata/discount-checkout/internal/spec/spec.go:19.50,21.2 1 0
github.com/hasanozgan/kata/discount-checkout/internal/spec/spec.go:24.61,25.40 1 0
github.com/hasanozgan/kata/discount-checkout/internal/spec/spec.go:25.40,26.27 1 0
github.com/hasanozgan/kata/discount-checkout/internal/spec/spec.go:26.27,27.47 1 0
github.com/hasanozgan/kata/discount-checkout/internal/spec/spec.go:27.47,29.5 1 0
github.com/hasanozgan/kata/discount-checkout/internal/spec/spec.go:31.3,31.14 1 0
github.com/hasanozgan/kata/discount-checkout/internal/spec/spec.go:36.60,37.40 1 0
github.com/hasanozgan/kata/discount-checkout/internal/spec/spec.go:37.40,38.27 1 0
github.com/hasanozgan/kata/discount-checkout/internal/spec/spec.go:38.27,39.46 1 0
github.com/hasanozgan/kata/discount-checkout/internal/spec/spec.go:39.46,41.5 1 0
github.com/hasanozgan/kata/discount-checkout/internal/spec/spec.go:43.3,43.15 1 0
github.com/hasanozgan/kata/discount-checkout/internal/spec/spec.go:48.54,49.40 1 0
github.com/hasanozgan/kata/discount-checkout/internal/spec/spec.go:49.40,50.15 1 0
github.com/hasanozgan/kata/discount-checkout/internal/spec/spec.go:50.15,52.4 1 0
github.com/hasanozgan/kata/discount-checkout/internal/spec/spec.go:53.3,53.37 1 0
github.com/hasanozgan/kata/discount-checkout/internal/spec/spec.go:58.39,59.40 1 0
github.com/hasanozgan/kata/discount-checkout/internal/spec/spec.go:59.40,61.3 1 0
github.com/hasanozgan/kata/discount-checkout/internal/spec/spec.go:65.38,66.40 1 0
github.com/hasanozgan/kata/discount-checkout/internal/spec/spec.go:66.40,68.3 1 0
